s6-rc: info: service s6rc-oneshot-runner: starting
s6-rc: info: service s6rc-oneshot-runner successfully started
s6-rc: info: service fix-attrs: starting
s6-rc: info: service fix-attrs successfully started
s6-rc: info: service legacy-cont-init: starting
s6-rc: info: service legacy-cont-init successfully started
s6-rc: info: service legacy-services: starting
services-up: info: copying legacy longrun home-assistant (no readiness notification)
s6-rc: info: service legacy-services successfully started
2026-07-02 17:59:22.379 WARNING (SyncWorker_0) [homeassistant.loader] We found a custom integration hacs which has not been tested by Home Assistant. This component might cause stability problems, be sure to disable it if you experience issues with Home Assistant
2026-07-02 17:59:22.380 WARNING (SyncWorker_0) [homeassistant.loader] We found a custom integration yandex_station_intents which has not been tested by Home Assistant. This component might cause stability problems, be sure to disable it if you experience issues with Home Assistant
2026-07-02 17:59:22.380 WARNING (SyncWorker_0) [homeassistant.loader] We found a custom integration domonap which has not been tested by Home Assistant. This component might cause stability problems, be sure to disable it if you experience issues with Home Assistant
2026-07-02 17:59:22.381 WARNING (SyncWorker_0) [homeassistant.loader] We found a custom integration yandex_station which has not been tested by Home Assistant. This component might cause stability problems, be sure to disable it if you experience issues with Home Assistant
2026-07-02 17:59:22.381 WARNING (SyncWorker_0) [homeassistant.loader] We found a custom integration yandex_smart_home which has not been tested by Home Assistant. This component might cause stability problems, be sure to disable it if you experience issues with Home Assistant
2026-07-02 17:59:25.348 DEBUG (MainThread) [custom_components.domonap.api] get_notify_id_token -> Q26UuJogsLQ1Pa9jrsoVdA
2026-07-02 17:59:25.348 DEBUG (MainThread) [custom_components.domonap.notify_consumer] Negotiated connectionToken: Q26UuJogsLQ1Pa9jrsoVdA
2026-07-02 17:59:25.370 DEBUG (MainThread) [custom_components.domonap.api] Getting keys (filter=all) across key types (0, 1, 2, 3, 4, 5, 6) in parallel
2026-07-02 17:59:25.370 DEBUG (MainThread) [custom_components.domonap.api] Getting keys (filter=all) across key types (0, 1, 2, 3, 4, 5, 6) in parallel
2026-07-02 17:59:25.377 DEBUG (MainThread) [custom_components.domonap.api] Getting keys (filter=all) across key types (0, 1, 2, 3, 4, 5, 6) in parallel
2026-07-02 17:59:25.396 DEBUG (MainThread) [custom_components.domonap.api] Getting keys (filter=all) across key types (0, 1, 2, 3, 4, 5, 6) in parallel
2026-07-02 17:59:25.404 DEBUG (MainThread) [custom_components.domonap.api] Getting keys (filter=all) across key types (0, 1, 2, 3, 4, 5, 6) in parallel
2026-07-02 17:59:25.407 DEBUG (MainThread) [custom_components.domonap.notify_consumer] WS 404 Not found
2026-07-02 17:59:25.446 DEBUG (MainThread) [custom_components.domonap.api] Found 16 keys of type '0' on page 1
2026-07-02 17:59:25.453 DEBUG (MainThread) [custom_components.domonap.api] No keys of type '4' found
2026-07-02 17:59:25.453 DEBUG (MainThread) [custom_components.domonap.api] No keys of type '4' found
2026-07-02 17:59:25.455 DEBUG (MainThread) [custom_components.domonap.api] Found 16 keys of type '1' on page 1
2026-07-02 17:59:25.455 DEBUG (MainThread) [custom_components.domonap.api] Found 16 keys of type '6' on page 1
2026-07-02 17:59:25.456 DEBUG (MainThread) [custom_components.domonap.api] Found 16 keys of type '5' on page 1
2026-07-02 17:59:25.456 DEBUG (MainThread) [custom_components.domonap.api] Found 16 keys of type '6' on page 1
2026-07-02 17:59:25.460 DEBUG (MainThread) [custom_components.domonap.api] Found 16 keys of type '1' on page 1
2026-07-02 17:59:25.461 DEBUG (MainThread) [custom_components.domonap.api] Found 40 keys of type '2' on page 1
2026-07-02 17:59:25.461 DEBUG (MainThread) [custom_components.domonap.api] Found 25 keys of type '3' on page 1
2026-07-02 17:59:25.469 DEBUG (MainThread) [custom_components.domonap.api] No keys of type '4' found
2026-07-02 17:59:25.477 INFO (MainThread) [custom_components.domonap.api] Keys loaded: 65 (filter=all)
2026-07-02 17:59:25.477 DEBUG (MainThread) [custom_components.domonap.binary_sensor] No camera URL for door 68cc485fb10c09b7596234bd ( Вход на лест. ЖЧ), skipping call sensor
2026-07-02 17:59:25.477 DEBUG (MainThread) [custom_components.domonap.binary_sensor] No camera URL for door 68d650667700b39414f9b04a (Калитка 2), skipping call sensor
2026-07-02 17:59:25.477 DEBUG (MainThread) [custom_components.domonap.binary_sensor] No camera URL for door 68d6503a744f543b9ccb1451 (Калитка 1), skipping call sensor
2026-07-02 17:59:25.477 DEBUG (MainThread) [custom_components.domonap.binary_sensor] No camera URL for door 6792445b745b084e3374a748 (Калитка 1), skipping call sensor
2026-07-02 17:59:25.477 DEBUG (MainThread) [custom_components.domonap.binary_sensor] No camera URL for door 6792446f745b084e3374a74a (Калитка 2), skipping call sensor
2026-07-02 17:59:25.477 DEBUG (MainThread) [custom_components.domonap.binary_sensor] No camera URL for door 6792400a745b084e3374a73e (Выезд), skipping call sensor
2026-07-02 17:59:25.477 DEBUG (MainThread) [custom_components.domonap.binary_sensor] No camera URL for door 6792440a745b084e3374a746 (Лестница 2), skipping call sensor
2026-07-02 17:59:25.477 DEBUG (MainThread) [custom_components.domonap.binary_sensor] No camera URL for door 68cc4863b10c09b759624230 (Въезд), skipping call sensor
2026-07-02 17:59:25.477 DEBUG (MainThread) [custom_components.domonap.binary_sensor] No camera URL for door 67923fee745b084e3374a73a (Въезд), skipping call sensor
2026-07-02 17:59:25.477 DEBUG (MainThread) [custom_components.domonap.binary_sensor] No camera URL for door 68cc4863b10c09b75962421b (Вход на ЛК с улицы), skipping call sensor
2026-07-02 17:59:25.477 DEBUG (MainThread) [custom_components.domonap.binary_sensor] No camera URL for door 68cc4863b10c09b75962421e (Вход на ЛК с улицы), skipping call sensor
2026-07-02 17:59:25.477 DEBUG (MainThread) [custom_components.domonap.binary_sensor] No camera URL for door 679240c4745b084e3374a744 (Лестница 1), skipping call sensor
2026-07-02 17:59:25.477 DEBUG (MainThread) [custom_components.domonap.binary_sensor] No camera URL for door 68cc485fb10c09b759623ea6 (Вход в подвал), skipping call sensor
2026-07-02 17:59:25.477 DEBUG (MainThread) [custom_components.domonap.binary_sensor] No camera URL for door 68cc485fb10c09b759623e09 (Тамбур-шлюз), skipping call sensor
2026-07-02 17:59:25.477 DEBUG (MainThread) [custom_components.domonap.binary_sensor] No camera URL for door 68cc485fb10c09b759623e1b (Тамбур-шлюз), skipping call sensor
2026-07-02 17:59:25.477 DEBUG (MainThread) [custom_components.domonap.binary_sensor] No camera URL for door 68cc485fb10c09b759623e97 (Вход в подвал), skipping call sensor
2026-07-02 17:59:25.477 DEBUG (MainThread) [custom_components.domonap.binary_sensor] No camera URL for door 68cc485fb10c09b759623e9c (Вход в подвал ), skipping call sensor
2026-07-02 17:59:25.477 DEBUG (MainThread) [custom_components.domonap.binary_sensor] No camera URL for door 68cc4863b10c09b759624228 (Вход на ЛК с паркинга), skipping call sensor
2026-07-02 17:59:25.477 DEBUG (MainThread) [custom_components.domonap.binary_sensor] No camera URL for door 68cc4863b10c09b75962422b (Вход на ЛК с паркинга), skipping call sensor
2026-07-02 17:59:25.477 DEBUG (MainThread) [custom_components.domonap.binary_sensor] No camera URL for door 68cc4863b10c09b759624223 (Выезд), skipping call sensor
2026-07-02 17:59:25.477 DEBUG (MainThread) [custom_components.domonap.binary_sensor] No camera URL for door 68e358e99b1babd675f5ef7f (Подъезд 1 Этаж 4 Лестница), skipping call sensor
2026-07-02 17:59:25.477 DEBUG (MainThread) [custom_components.domonap.binary_sensor] No camera URL for door 68e358e99b1babd675f5ef2b (Вход на лестницу), skipping call sensor
2026-07-02 17:59:25.477 DEBUG (MainThread) [custom_components.domonap.binary_sensor] No camera URL for door 68cc485fb10c09b759623e15 (Тамбур-шлюз), skipping call sensor
2026-07-02 17:59:25.477 DEBUG (MainThread) [custom_components.domonap.binary_sensor] No camera URL for door 68cc485fb10c09b759623d6b (Вход в подвал), skipping call sensor
2026-07-02 17:59:25.477 DEBUG (MainThread) [custom_components.domonap.binary_sensor] No camera URL for door 68cc485fb10c09b759623e1e (Тамбур-шлюз), skipping call sensor
2026-07-02 17:59:25.477 DEBUG (MainThread) [custom_components.domonap.binary_sensor] No camera URL for door 68cc485fb10c09b759623e0c (Тамбур-шлюз), skipping call sensor
2026-07-02 17:59:25.478 DEBUG (MainThread) [custom_components.domonap.binary_sensor] No camera URL for door 68cc485fb10c09b759623e18 (Тамбур-шлюз), skipping call sensor
2026-07-02 17:59:25.478 DEBUG (MainThread) [custom_components.domonap.binary_sensor] No camera URL for door 68cc485fb10c09b759623eab ( Вход в подвал), skipping call sensor
2026-07-02 17:59:25.478 DEBUG (MainThread) [custom_components.domonap.binary_sensor] No camera URL for door 68cc485fb10c09b759623e0f (Тамбур-шлюз), skipping call sensor
2026-07-02 17:59:25.478 DEBUG (MainThread) [custom_components.domonap.binary_sensor] No camera URL for door 68cc485fb10c09b759623e7e ( Вход в подвал), skipping call sensor
2026-07-02 17:59:25.478 DEBUG (MainThread) [custom_components.domonap.binary_sensor] No camera URL for door 68cc485fb10c09b759623e12 (Тамбур-шлюз), skipping call sensor
2026-07-02 17:59:25.478 DEBUG (MainThread) [custom_components.domonap.binary_sensor] No camera URL for door 68cc485fb10c09b759623eb0 (Вход в подвал ), skipping call sensor
2026-07-02 17:59:25.478 DEBUG (MainThread) [custom_components.domonap.binary_sensor] No camera URL for door 68cc485fb10c09b759623ea1 (Вход в подвал ), skipping call sensor
2026-07-02 17:59:25.478 DEBUG (MainThread) [custom_components.domonap.binary_sensor] No camera URL for door 68cc4863b10c09b75962421b (Пропуск от Dickpik), skipping call sensor
2026-07-02 17:59:25.478 DEBUG (MainThread) [custom_components.domonap.binary_sensor] No camera URL for door 6792440a745b084e3374a746 (Пропуск от Dickpik), skipping call sensor
2026-07-02 17:59:25.478 DEBUG (MainThread) [custom_components.domonap.binary_sensor] No camera URL for door 68e358e99b1babd675f5ef2b (Пропуск от Dickpik), skipping call sensor
2026-07-02 17:59:25.478 DEBUG (MainThread) [custom_components.domonap.binary_sensor] No camera URL for door 68e358e99b1babd675f5ef7f (Пропуск от Dickpik), skipping call sensor
2026-07-02 17:59:25.478 DEBUG (MainThread) [custom_components.domonap.binary_sensor] No camera URL for door 6792440a745b084e3374a746 (Пропуск от Dickpik), skipping call sensor
2026-07-02 17:59:25.478 DEBUG (MainThread) [custom_components.domonap.binary_sensor] No camera URL for door 6792446f745b084e3374a74a (Пропуск от Dickpik), skipping call sensor
2026-07-02 17:59:25.478 DEBUG (MainThread) [custom_components.domonap.binary_sensor] No camera URL for door 68cc485fb10c09b7596235ff (Пропуск от Dickpik), skipping call sensor
2026-07-02 17:59:25.478 DEBUG (MainThread) [custom_components.domonap.binary_sensor] No camera URL for door 68e358e89b1babd675f5ef25 (Пропуск от Dickpik), skipping call sensor
2026-07-02 17:59:25.478 DEBUG (MainThread) [custom_components.domonap.binary_sensor] No camera URL for door 68cc4863b10c09b75962421b (Пропуск от Dickpik), skipping call sensor
2026-07-02 17:59:25.478 DEBUG (MainThread) [custom_components.domonap.binary_sensor] No camera URL for door 68cc4863b10c09b75962422b (Пропуск от Dickpik), skipping call sensor
2026-07-02 17:59:25.478 DEBUG (MainThread) [custom_components.domonap.binary_sensor] No camera URL for door 68e358e89b1babd675f5ef25 (Пропуск от Dickpik), skipping call sensor
2026-07-02 17:59:25.478 DEBUG (MainThread) [custom_components.domonap.binary_sensor] No camera URL for door 68cc4863b10c09b75962421e (Пропуск от Dickpik), skipping call sensor
2026-07-02 17:59:25.478 DEBUG (MainThread) [custom_components.domonap.binary_sensor] No camera URL for door 68cc4863b10c09b759624228 (Пропуск от Dickpik), skipping call sensor
2026-07-02 17:59:25.478 DEBUG (MainThread) [custom_components.domonap.binary_sensor] No camera URL for door 6792440a745b084e3374a746 (Пропуск от Dickpik), skipping call sensor
2026-07-02 17:59:25.478 DEBUG (MainThread) [custom_components.domonap.binary_sensor] No camera URL for door 68cc4863b10c09b759624230 (Пропуск от Dickpik), skipping call sensor
2026-07-02 17:59:25.478 DEBUG (MainThread) [custom_components.domonap.binary_sensor] No camera URL for door 68cc4863b10c09b759624223 (Пропуск от Dickpik), skipping call sensor
2026-07-02 17:59:25.478 DEBUG (MainThread) [custom_components.domonap.binary_sensor] No camera URL for door 68cc4863b10c09b75962421e (Пропуск от Dickpik), skipping call sensor
2026-07-02 17:59:25.478 DEBUG (MainThread) [custom_components.domonap.binary_sensor] No camera URL for door 68e358e99b1babd675f5ef28 (Пропуск от Dickpik), skipping call sensor
2026-07-02 17:59:25.478 DEBUG (MainThread) [custom_components.domonap.binary_sensor] No camera URL for door 68e358e99b1babd675f5ef7c (Пропуск от Dickpik), skipping call sensor
2026-07-02 17:59:25.478 DEBUG (MainThread) [custom_components.domonap.binary_sensor] No camera URL for door 68e358e89b1babd675f5ef25 (Пропуск от Dickpik), skipping call sensor
2026-07-02 17:59:25.478 DEBUG (MainThread) [custom_components.domonap.binary_sensor] No camera URL for door 6792446f745b084e3374a74a (Пропуск от Dickpik), skipping call sensor
2026-07-02 17:59:25.478 DEBUG (MainThread) [custom_components.domonap.binary_sensor] No camera URL for door 6792445b745b084e3374a748 (Пропуск от Dickpik), skipping call sensor
2026-07-02 17:59:25.478 DEBUG (MainThread) [custom_components.domonap.binary_sensor] No camera URL for door 679240c4745b084e3374a744 (Пропуск от Dickpik), skipping call sensor
2026-07-02 17:59:25.478 DEBUG (MainThread) [custom_components.domonap.binary_sensor] No camera URL for door 67923fee745b084e3374a73a (Пропуск от Dickpik), skipping call sensor
2026-07-02 17:59:25.478 DEBUG (MainThread) [custom_components.domonap.binary_sensor] No camera URL for door 67923fee745b084e3374a73a (Пропуск от Dickpik), skipping call sensor
2026-07-02 17:59:25.481 DEBUG (MainThread) [custom_components.domonap.api] Found 25 keys of type '3' on page 1
2026-07-02 17:59:25.482 DEBUG (MainThread) [custom_components.domonap.api] Found 16 keys of type '5' on page 1
2026-07-02 17:59:25.482 DEBUG (MainThread) [custom_components.domonap.api] Found 16 keys of type '0' on page 1
2026-07-02 17:59:25.489 DEBUG (MainThread) [custom_components.domonap.api] Found 16 keys of type '1' on page 1
2026-07-02 17:59:25.489 DEBUG (MainThread) [custom_components.domonap.api] Found 16 keys of type '0' on page 1
2026-07-02 17:59:25.489 DEBUG (MainThread) [custom_components.domonap.api] Found 16 keys of type '5' on page 1
2026-07-02 17:59:25.490 DEBUG (MainThread) [custom_components.domonap.api] No keys of type '4' found
2026-07-02 17:59:25.490 DEBUG (MainThread) [custom_components.domonap.api] Found 16 keys of type '6' on page 1
2026-07-02 17:59:25.494 DEBUG (MainThread) [custom_components.domonap.api] Found 40 keys of type '2' on page 1
2026-07-02 17:59:25.494 INFO (MainThread) [custom_components.domonap.api] Keys loaded: 65 (filter=all)
2026-07-02 17:59:25.494 DEBUG (MainThread) [custom_components.domonap.sensor] No domofonPublicPin for door 68cc485fb10c09b7596234bd ( Вход на лест. ЖЧ), skipping PIN sensor
2026-07-02 17:59:25.494 DEBUG (MainThread) [custom_components.domonap.sensor] No domofonPublicPin for door 68d650667700b39414f9b04a (Калитка 2), skipping PIN sensor
2026-07-02 17:59:25.494 DEBUG (MainThread) [custom_components.domonap.sensor] No domofonPublicPin for door 68d6503a744f543b9ccb1451 (Калитка 1), skipping PIN sensor
2026-07-02 17:59:25.494 DEBUG (MainThread) [custom_components.domonap.sensor] No domofonPublicPin for door 6792445b745b084e3374a748 (Калитка 1), skipping PIN sensor
2026-07-02 17:59:25.494 DEBUG (MainThread) [custom_components.domonap.sensor] No domofonPublicPin for door 6792446f745b084e3374a74a (Калитка 2), skipping PIN sensor
2026-07-02 17:59:25.494 DEBUG (MainThread) [custom_components.domonap.sensor] No domofonPublicPin for door 6792400a745b084e3374a73e (Выезд), skipping PIN sensor
2026-07-02 17:59:25.494 DEBUG (MainThread) [custom_components.domonap.sensor] No domofonPublicPin for door 6792440a745b084e3374a746 (Лестница 2), skipping PIN sensor
2026-07-02 17:59:25.494 DEBUG (MainThread) [custom_components.domonap.sensor] No domofonPublicPin for door 68cc4863b10c09b759624230 (Въезд), skipping PIN sensor
2026-07-02 17:59:25.494 DEBUG (MainThread) [custom_components.domonap.sensor] No domofonPublicPin for door 67923fee745b084e3374a73a (Въезд), skipping PIN sensor
2026-07-02 17:59:25.494 DEBUG (MainThread) [custom_components.domonap.sensor] No domofonPublicPin for door 68cc4863b10c09b75962421b (Вход на ЛК с улицы), skipping PIN sensor
2026-07-02 17:59:25.494 DEBUG (MainThread) [custom_components.domonap.sensor] No domofonPublicPin for door 68cc4863b10c09b75962421e (Вход на ЛК с улицы), skipping PIN sensor
2026-07-02 17:59:25.494 DEBUG (MainThread) [custom_components.domonap.sensor] No domofonPublicPin for door 679240c4745b084e3374a744 (Лестница 1), skipping PIN sensor
2026-07-02 17:59:25.494 DEBUG (MainThread) [custom_components.domonap.sensor] No domofonPublicPin for door 6a14c936513b536ee66aa2ee (Внешний считыватель - Дом: 3, Подъезд: 5 - Вход 2, 1эт.), skipping PIN sensor
2026-07-02 17:59:25.494 DEBUG (MainThread) [custom_components.domonap.sensor] No domofonPublicPin for door 68cc485fb10c09b759623ea6 (Вход в подвал), skipping PIN sensor
2026-07-02 17:59:25.494 DEBUG (MainThread) [custom_components.domonap.sensor] No domofonPublicPin for door 68cc485fb10c09b759623e09 (Тамбур-шлюз), skipping PIN sensor
2026-07-02 17:59:25.494 DEBUG (MainThread) [custom_components.domonap.sensor] No domofonPublicPin for door 68cc485fb10c09b759623e1b (Тамбур-шлюз), skipping PIN sensor
2026-07-02 17:59:25.494 DEBUG (MainThread) [custom_components.domonap.sensor] No domofonPublicPin for door 68cc485fb10c09b759623e97 (Вход в подвал), skipping PIN sensor
2026-07-02 17:59:25.494 DEBUG (MainThread) [custom_components.domonap.sensor] No domofonPublicPin for door 68cc485fb10c09b759623e9c (Вход в подвал ), skipping PIN sensor
2026-07-02 17:59:25.494 DEBUG (MainThread) [custom_components.domonap.sensor] No domofonPublicPin for door 68cc4863b10c09b759624228 (Вход на ЛК с паркинга), skipping PIN sensor
2026-07-02 17:59:25.494 DEBUG (MainThread) [custom_components.domonap.sensor] No domofonPublicPin for door 68cc4863b10c09b75962422b (Вход на ЛК с паркинга), skipping PIN sensor
2026-07-02 17:59:25.494 DEBUG (MainThread) [custom_components.domonap.sensor] No domofonPublicPin for door 68cc4863b10c09b759624223 (Выезд), skipping PIN sensor
2026-07-02 17:59:25.494 DEBUG (MainThread) [custom_components.domonap.sensor] No domofonPublicPin for door 68e358e99b1babd675f5ef7f (Подъезд 1 Этаж 4 Лестница), skipping PIN sensor
2026-07-02 17:59:25.494 DEBUG (MainThread) [custom_components.domonap.sensor] No domofonPublicPin for door 68e358e89b1babd675f5ef25 (1 Подъезд 1 Этаж Вход 1), skipping PIN sensor
2026-07-02 17:59:25.494 DEBUG (MainThread) [custom_components.domonap.sensor] No domofonPublicPin for door 68e358e99b1babd675f5ef7c (Подъезд 1 Этаж 4.2 Секция 1), skipping PIN sensor
2026-07-02 17:59:25.494 DEBUG (MainThread) [custom_components.domonap.sensor] No domofonPublicPin for door 68e358e99b1babd675f5ef2b (Вход на лестницу), skipping PIN sensor
2026-07-02 17:59:25.494 DEBUG (MainThread) [custom_components.domonap.sensor] No domofonPublicPin for door 68e358e99b1babd675f5ef28 (1 Подъезд 1 Этаж Вход 2), skipping PIN sensor
2026-07-02 17:59:25.494 DEBUG (MainThread) [custom_components.domonap.sensor] No domofonPublicPin for door 68cc485fb10c09b759623e15 (Тамбур-шлюз), skipping PIN sensor
2026-07-02 17:59:25.494 DEBUG (MainThread) [custom_components.domonap.sensor] No domofonPublicPin for door 68cc485fb10c09b759623d6b (Вход в подвал), skipping PIN sensor
2026-07-02 17:59:25.494 DEBUG (MainThread) [custom_components.domonap.sensor] No domofonPublicPin for door 68cc485fb10c09b759623e1e (Тамбур-шлюз), skipping PIN sensor
2026-07-02 17:59:25.494 DEBUG (MainThread) [custom_components.domonap.sensor] No domofonPublicPin for door 68cc485fb10c09b759623e0c (Тамбур-шлюз), skipping PIN sensor
2026-07-02 17:59:25.494 DEBUG (MainThread) [custom_components.domonap.sensor] No domofonPublicPin for door 68cc485fb10c09b759623e18 (Тамбур-шлюз), skipping PIN sensor
2026-07-02 17:59:25.494 DEBUG (MainThread) [custom_components.domonap.sensor] No domofonPublicPin for door 68cc485fb10c09b759623eab ( Вход в подвал), skipping PIN sensor
2026-07-02 17:59:25.494 DEBUG (MainThread) [custom_components.domonap.sensor] No domofonPublicPin for door 68cc485fb10c09b759623e0f (Тамбур-шлюз), skipping PIN sensor
2026-07-02 17:59:25.494 DEBUG (MainThread) [custom_components.domonap.sensor] No domofonPublicPin for door 68cc485fb10c09b759623e7e ( Вход в подвал), skipping PIN sensor
2026-07-02 17:59:25.494 DEBUG (MainThread) [custom_components.domonap.sensor] No domofonPublicPin for door 68cc485fb10c09b759623e12 (Тамбур-шлюз), skipping PIN sensor
2026-07-02 17:59:25.494 DEBUG (MainThread) [custom_components.domonap.sensor] No domofonPublicPin for door 68cc485fb10c09b759623eb0 (Вход в подвал ), skipping PIN sensor
2026-07-02 17:59:25.494 DEBUG (MainThread) [custom_components.domonap.sensor] No domofonPublicPin for door 68cc485fb10c09b759623ea1 (Вход в подвал ), skipping PIN sensor
2026-07-02 17:59:25.494 DEBUG (MainThread) [custom_components.domonap.sensor] No domofonPublicPin for door 68cc4863b10c09b75962421b (Пропуск от Dickpik), skipping PIN sensor
2026-07-02 17:59:25.494 DEBUG (MainThread) [custom_components.domonap.sensor] No domofonPublicPin for door 6792440a745b084e3374a746 (Пропуск от Dickpik), skipping PIN sensor
2026-07-02 17:59:25.494 DEBUG (MainThread) [custom_components.domonap.sensor] No domofonPublicPin for door 68e358e99b1babd675f5ef2b (Пропуск от Dickpik), skipping PIN sensor
2026-07-02 17:59:25.494 DEBUG (MainThread) [custom_components.domonap.sensor] No domofonPublicPin for door 68e358e99b1babd675f5ef7f (Пропуск от Dickpik), skipping PIN sensor
2026-07-02 17:59:25.494 DEBUG (MainThread) [custom_components.domonap.sensor] No domofonPublicPin for door 6792440a745b084e3374a746 (Пропуск от Dickpik), skipping PIN sensor
2026-07-02 17:59:25.494 DEBUG (MainThread) [custom_components.domonap.sensor] No domofonPublicPin for door 6792446f745b084e3374a74a (Пропуск от Dickpik), skipping PIN sensor
2026-07-02 17:59:25.494 DEBUG (MainThread) [custom_components.domonap.sensor] No domofonPublicPin for door 68e358e89b1babd675f5ef25 (Пропуск от Dickpik), skipping PIN sensor
2026-07-02 17:59:25.494 DEBUG (MainThread) [custom_components.domonap.sensor] No domofonPublicPin for door 68cc4863b10c09b75962421b (Пропуск от Dickpik), skipping PIN sensor
2026-07-02 17:59:25.494 DEBUG (MainThread) [custom_components.domonap.sensor] No domofonPublicPin for door 68cc4863b10c09b75962422b (Пропуск от Dickpik), skipping PIN sensor
2026-07-02 17:59:25.494 DEBUG (MainThread) [custom_components.domonap.sensor] No domofonPublicPin for door 68e358e89b1babd675f5ef25 (Пропуск от Dickpik), skipping PIN sensor
2026-07-02 17:59:25.494 DEBUG (MainThread) [custom_components.domonap.sensor] No domofonPublicPin for door 68cc4863b10c09b75962421e (Пропуск от Dickpik), skipping PIN sensor
2026-07-02 17:59:25.494 DEBUG (MainThread) [custom_components.domonap.sensor] No domofonPublicPin for door 68cc4863b10c09b759624228 (Пропуск от Dickpik), skipping PIN sensor
2026-07-02 17:59:25.494 DEBUG (MainThread) [custom_components.domonap.sensor] No domofonPublicPin for door 6792440a745b084e3374a746 (Пропуск от Dickpik), skipping PIN sensor
2026-07-02 17:59:25.494 DEBUG (MainThread) [custom_components.domonap.sensor] No domofonPublicPin for door 68cc4863b10c09b759624230 (Пропуск от Dickpik), skipping PIN sensor
2026-07-02 17:59:25.495 DEBUG (MainThread) [custom_components.domonap.sensor] No domofonPublicPin for door 68cc4863b10c09b759624223 (Пропуск от Dickpik), skipping PIN sensor
2026-07-02 17:59:25.495 DEBUG (MainThread) [custom_components.domonap.sensor] No domofonPublicPin for door 68cc4863b10c09b75962421e (Пропуск от Dickpik), skipping PIN sensor
2026-07-02 17:59:25.495 DEBUG (MainThread) [custom_components.domonap.sensor] No domofonPublicPin for door 68e358e99b1babd675f5ef28 (Пропуск от Dickpik), skipping PIN sensor
2026-07-02 17:59:25.495 DEBUG (MainThread) [custom_components.domonap.sensor] No domofonPublicPin for door 68e358e99b1babd675f5ef7c (Пропуск от Dickpik), skipping PIN sensor
2026-07-02 17:59:25.495 DEBUG (MainThread) [custom_components.domonap.sensor] No domofonPublicPin for door 68e358e89b1babd675f5ef25 (Пропуск от Dickpik), skipping PIN sensor
2026-07-02 17:59:25.495 DEBUG (MainThread) [custom_components.domonap.sensor] No domofonPublicPin for door 6792446f745b084e3374a74a (Пропуск от Dickpik), skipping PIN sensor
2026-07-02 17:59:25.495 DEBUG (MainThread) [custom_components.domonap.sensor] No domofonPublicPin for door 6792445b745b084e3374a748 (Пропуск от Dickpik), skipping PIN sensor
2026-07-02 17:59:25.495 DEBUG (MainThread) [custom_components.domonap.sensor] No domofonPublicPin for door 679240c4745b084e3374a744 (Пропуск от Dickpik), skipping PIN sensor
2026-07-02 17:59:25.495 DEBUG (MainThread) [custom_components.domonap.sensor] No domofonPublicPin for door 67923fee745b084e3374a73a (Пропуск от Dickpik), skipping PIN sensor
2026-07-02 17:59:25.495 DEBUG (MainThread) [custom_components.domonap.sensor] No domofonPublicPin for door 67923fee745b084e3374a73a (Пропуск от Dickpik), skipping PIN sensor
2026-07-02 17:59:25.495 ERROR (MainThread) [homeassistant.components.sensor] Platform domonap does not generate unique IDs. ID 68cc485fb10c09b7596235ff_door_code already exists - ignoring sensor.liftovoi_kholl_14_et_door_code
2026-07-02 17:59:25.501 DEBUG (MainThread) [custom_components.domonap.api] Found 16 keys of type '5' on page 1
2026-07-02 17:59:25.502 DEBUG (MainThread) [custom_components.domonap.api] Found 25 keys of type '3' on page 1
2026-07-02 17:59:25.503 DEBUG (MainThread) [custom_components.domonap.api] Found 16 keys of type '0' on page 1
2026-07-02 17:59:25.504 DEBUG (MainThread) [custom_components.domonap.api] No keys of type '4' found
2026-07-02 17:59:25.508 DEBUG (MainThread) [custom_components.domonap.api] Found 16 keys of type '6' on page 1
2026-07-02 17:59:25.508 DEBUG (MainThread) [custom_components.domonap.api] Found 40 keys of type '2' on page 1
2026-07-02 17:59:25.509 INFO (MainThread) [custom_components.domonap.api] Keys loaded: 65 (filter=all)
2026-07-02 17:59:25.516 DEBUG (MainThread) [custom_components.domonap.api] Found 25 keys of type '3' on page 1
2026-07-02 17:59:25.518 DEBUG (MainThread) [custom_components.domonap.api] Found 16 keys of type '0' on page 1
2026-07-02 17:59:25.529 DEBUG (MainThread) [custom_components.domonap.api] Found 16 keys of type '6' on page 1
2026-07-02 17:59:25.529 DEBUG (MainThread) [custom_components.domonap.api] Found 40 keys of type '2' on page 1
2026-07-02 17:59:25.533 DEBUG (MainThread) [custom_components.domonap.api] Found 16 keys of type '1' on page 1
2026-07-02 17:59:25.534 DEBUG (MainThread) [custom_components.domonap.api] Found 16 keys of type '5' on page 1
2026-07-02 17:59:25.535 DEBUG (MainThread) [custom_components.domonap.api] Found 25 keys of type '3' on page 1
2026-07-02 17:59:25.549 DEBUG (MainThread) [custom_components.domonap.api] Found 40 keys of type '2' on page 1
2026-07-02 17:59:25.550 INFO (MainThread) [custom_components.domonap.api] Keys loaded: 65 (filter=all)
2026-07-02 17:59:25.551 DEBUG (MainThread) [custom_components.domonap.camera] Updating camera: Вход 2, 1эт.
2026-07-02 17:59:25.551 DEBUG (MainThread) [custom_components.domonap.camera] Updating camera: Вход 1, 1эт.
2026-07-02 17:59:25.551 DEBUG (MainThread) [custom_components.domonap.camera] Updating camera: Лифтовой холл 14 эт
2026-07-02 17:59:25.552 DEBUG (MainThread) [custom_components.domonap.camera] Updating camera: Внешний считыватель - Дом: 3, Подъезд: 5 - Вход 2, 1эт.
2026-07-02 17:59:25.552 DEBUG (MainThread) [custom_components.domonap.camera] Updating camera: 1 Подъезд 1 Этаж Вход 1
2026-07-02 17:59:25.552 DEBUG (MainThread) [custom_components.domonap.camera] Updating camera: Подъезд 1 Этаж 4.2 Секция 1
2026-07-02 17:59:25.552 DEBUG (MainThread) [custom_components.domonap.camera] Updating camera: 1 Подъезд 1 Этаж Вход 2
2026-07-02 17:59:25.558 DEBUG (MainThread) [custom_components.domonap.api] Found 16 keys of type '1' on page 1
2026-07-02 17:59:25.558 INFO (MainThread) [custom_components.domonap.api] Keys loaded: 65 (filter=all)
2026-07-02 17:59:25.566 ERROR (MainThread) [homeassistant.components.button] Platform domonap does not generate unique IDs. ID 68cc4863b10c09b75962421b already exists - ignoring button.vkhod_na_lk_s_ulitsy_open_door
2026-07-02 17:59:25.566 ERROR (MainThread) [homeassistant.components.button] Platform domonap does not generate unique IDs. ID 6792440a745b084e3374a746 already exists - ignoring button.lestnitsa_2_open_door
2026-07-02 17:59:25.566 ERROR (MainThread) [homeassistant.components.button] Platform domonap does not generate unique IDs. ID 68e358e99b1babd675f5ef2b already exists - ignoring button.salarevskaia_ulitsa_d_8k1_p_1_e_4_kv_26_vkhod_na_lestnitsu_open_door
2026-07-02 17:59:25.566 ERROR (MainThread) [homeassistant.components.button] Platform domonap does not generate unique IDs. ID 68e358e99b1babd675f5ef7f already exists - ignoring button.salarevskaia_ulitsa_d_8k1_p_1_e_4_kv_26_podezd_1_etazh_4_lestnitsa_open_door
2026-07-02 17:59:25.566 ERROR (MainThread) [homeassistant.components.button] Platform domonap does not generate unique IDs. ID 6792440a745b084e3374a746 already exists - ignoring button.lestnitsa_2_open_door
2026-07-02 17:59:25.566 ERROR (MainThread) [homeassistant.components.button] Platform domonap does not generate unique IDs. ID 6792446f745b084e3374a74a already exists - ignoring button.kalitka_2_open_door_2
2026-07-02 17:59:25.567 ERROR (MainThread) [homeassistant.components.button] Platform domonap does not generate unique IDs. ID 68cc485fb10c09b7596235ff already exists - ignoring button.liftovoi_kholl_14_et_open_door
2026-07-02 17:59:25.567 ERROR (MainThread) [homeassistant.components.button] Platform domonap does not generate unique IDs. ID 68e358e89b1babd675f5ef25 already exists - ignoring button.salarevskaia_ulitsa_d_8k1_p_1_e_4_kv_26_1_podezd_1_etazh_vkhod_1_open_door
2026-07-02 17:59:25.567 ERROR (MainThread) [homeassistant.components.button] Platform domonap does not generate unique IDs. ID 68cc4863b10c09b75962421b already exists - ignoring button.vkhod_na_lk_s_ulitsy_open_door
2026-07-02 17:59:25.567 ERROR (MainThread) [homeassistant.components.button] Platform domonap does not generate unique IDs. ID 68cc4863b10c09b75962422b already exists - ignoring button.salarevskaia_ulitsa_d_12s2_p_1_e_1_mashinomesta_121_vkhod_na_lk_s_parkinga_open_door_2
2026-07-02 17:59:25.567 ERROR (MainThread) [homeassistant.components.button] Platform domonap does not generate unique IDs. ID 68e358e89b1babd675f5ef25 already exists - ignoring button.salarevskaia_ulitsa_d_8k1_p_1_e_4_kv_26_1_podezd_1_etazh_vkhod_1_open_door
2026-07-02 17:59:25.567 ERROR (MainThread) [homeassistant.components.button] Platform domonap does not generate unique IDs. ID 68cc4863b10c09b75962421e already exists - ignoring button.vkhod_na_lk_s_ulitsy_open_door_2
2026-07-02 17:59:25.567 ERROR (MainThread) [homeassistant.components.button] Platform domonap does not generate unique IDs. ID 68cc4863b10c09b759624228 already exists - ignoring button.salarevskaia_ulitsa_d_12s2_p_1_e_1_mashinomesta_121_vkhod_na_lk_s_parkinga_open_door
2026-07-02 17:59:25.567 ERROR (MainThread) [homeassistant.components.button] Platform domonap does not generate unique IDs. ID 6792440a745b084e3374a746 already exists - ignoring button.lestnitsa_2_open_door
2026-07-02 17:59:25.567 ERROR (MainThread) [homeassistant.components.button] Platform domonap does not generate unique IDs. ID 68cc4863b10c09b759624230 already exists - ignoring button.vezd_open_door
2026-07-02 17:59:25.567 ERROR (MainThread) [homeassistant.components.button] Platform domonap does not generate unique IDs. ID 68cc4863b10c09b759624223 already exists - ignoring button.salarevskaia_ulitsa_d_12s2_p_1_e_1_mashinomesta_121_vyezd_open_door
2026-07-02 17:59:25.567 ERROR (MainThread) [homeassistant.components.button] Platform domonap does not generate unique IDs. ID 68cc4863b10c09b75962421e already exists - ignoring button.vkhod_na_lk_s_ulitsy_open_door_2
2026-07-02 17:59:25.567 ERROR (MainThread) [homeassistant.components.button] Platform domonap does not generate unique IDs. ID 68e358e99b1babd675f5ef28 already exists - ignoring button.salarevskaia_ulitsa_d_8k1_p_1_e_4_kv_26_1_podezd_1_etazh_vkhod_2_open_door
2026-07-02 17:59:25.567 ERROR (MainThread) [homeassistant.components.button] Platform domonap does not generate unique IDs. ID 68e358e99b1babd675f5ef7c already exists - ignoring button.salarevskaia_ulitsa_d_8k1_p_1_e_4_kv_26_podezd_1_etazh_4_2_sektsiia_1_open_door
2026-07-02 17:59:25.567 ERROR (MainThread) [homeassistant.components.button] Platform domonap does not generate unique IDs. ID 68e358e89b1babd675f5ef25 already exists - ignoring button.salarevskaia_ulitsa_d_8k1_p_1_e_4_kv_26_1_podezd_1_etazh_vkhod_1_open_door
2026-07-02 17:59:25.567 ERROR (MainThread) [homeassistant.components.button] Platform domonap does not generate unique IDs. ID 6792446f745b084e3374a74a already exists - ignoring button.kalitka_2_open_door_2
2026-07-02 17:59:25.567 ERROR (MainThread) [homeassistant.components.button] Platform domonap does not generate unique IDs. ID 6792445b745b084e3374a748 already exists - ignoring button.kalitka_1_open_door_2
2026-07-02 17:59:25.567 ERROR (MainThread) [homeassistant.components.button] Platform domonap does not generate unique IDs. ID 679240c4745b084e3374a744 already exists - ignoring button.lestnitsa_1_open_door
2026-07-02 17:59:25.567 ERROR (MainThread) [homeassistant.components.button] Platform domonap does not generate unique IDs. ID 67923fee745b084e3374a73a already exists - ignoring button.vezd_open_door_2
2026-07-02 17:59:25.567 ERROR (MainThread) [homeassistant.components.button] Platform domonap does not generate unique IDs. ID 67923fee745b084e3374a73a already exists - ignoring button.vezd_open_door_2
2026-07-02 17:59:25.602 DEBUG (MainThread) [custom_components.domonap.camera] Updating camera: Выезд
2026-07-02 17:59:26.820 DEBUG (MainThread) [custom_components.domonap.api] get_notify_id_token -> d8dUBWYxB7R3QrSbvu6dug
2026-07-02 17:59:26.820 DEBUG (MainThread) [custom_components.domonap.notify_consumer] Negotiated connectionToken: d8dUBWYxB7R3QrSbvu6dug
2026-07-02 17:59:26.831 DEBUG (MainThread) [custom_components.domonap.notify_consumer] WS 404 Not found
2026-07-02 17:59:29.128 DEBUG (MainThread) [custom_components.domonap.api] get_notify_id_token -> qBe2lGIohpOuwe18K-PYGw
2026-07-02 17:59:29.129 DEBUG (MainThread) [custom_components.domonap.notify_consumer] Negotiated connectionToken: qBe2lGIohpOuwe18K-PYGw
2026-07-02 17:59:29.169 DEBUG (MainThread) [custom_components.domonap.notify_consumer] WS 404 Not found
2026-07-02 17:59:33.200 DEBUG (MainThread) [custom_components.domonap.api] get_notify_id_token -> -I_4B7TRwVprFbitqBgY4g
2026-07-02 17:59:33.200 DEBUG (MainThread) [custom_components.domonap.notify_consumer] Negotiated connectionToken: -I_4B7TRwVprFbitqBgY4g
2026-07-02 17:59:33.226 DEBUG (MainThread) [custom_components.domonap.notify_consumer] WS 404 Not found
